2026-08-08 00:00:07,602 WARNING engine.live LANE ES SILENT for 3007s (last event 3007s ago)
2026-08-08 00:00:07,609 WARNING engine.live LANE NQ SILENT for 3007s (last event 3007s ago)
2026-08-08 00:00:22,615 WARNING engine.live LANE ES SILENT for 3022s (last event 3022s ago)
2026-08-08 00:00:22,615 WARNING engine.live LANE NQ SILENT for 3022s (last event 3022s ago)
2026-08-08 00:00:37,622 WARNING engine.live LANE ES SILENT for 3037s (last event 3037s ago)
2026-08-08 00:00:37,622 WARNING engine.live LANE NQ SILENT for 3037s (last event 3037s ago)
2026-08-08 00:00:52,634 WARNING engine.live LANE ES SILENT for 3052s (last event 3052s ago)
2026-08-08 00:00:52,634 WARNING engine.live LANE NQ SILENT for 3052s (last event 3052s ago)
2026-08-08 00:01:07,647 WARNING engine.live LANE ES SILENT for 3067s (last event 3067s ago)
2026-08-08 00:01:07,648 WARNING engine.live LANE NQ SILENT for 3067s (last event 3067s ago)
2026-08-08 00:01:22,657 WARNING engine.live LANE ES SILENT for 3082s (last event 3082s ago)
2026-08-08 00:01:22,657 WARNING engine.live LANE NQ SILENT for 3082s (last event 3082s ago)
2026-08-08 00:01:37,664 WARNING engine.live LANE ES SILENT for 3097s (last event 3097s ago)
2026-08-08 00:01:37,664 WARNING engine.live LANE NQ SILENT for 3097s (last event 3097s ago)
2026-08-08 00:01:52,677 WARNING engine.live LANE ES SILENT for 3112s (last event 3112s ago)
2026-08-08 00:01:52,677 WARNING engine.live LANE NQ SILENT for 3112s (last event 3112s ago)
2026-08-08 00:02:07,689 WARNING engine.live LANE ES SILENT for 3127s (last event 3127s ago)
2026-08-08 00:02:07,689 WARNING engine.live LANE NQ SILENT for 3127s (last event 3127s ago)
2026-08-08 00:02:22,703 WARNING engine.live LANE ES SILENT for 3142s (last event 3142s ago)
2026-08-08 00:02:22,704 WARNING engine.live LANE NQ SILENT for 3142s (last event 3142s ago)
2026-08-08 00:02:37,712 WARNING engine.live LANE ES SILENT for 3157s (last event 3157s ago)
2026-08-08 00:02:37,713 WARNING engine.live LANE NQ SILENT for 3157s (last event 3157s ago)
2026-08-08 00:02:52,726 WARNING engine.live LANE ES SILENT for 3172s (last event 3172s ago)
2026-08-08 00:02:52,726 WARNING engine.live LANE NQ SILENT for 3172s (last event 3172s ago)
2026-08-08 00:03:07,728 WARNING engine.live LANE ES SILENT for 3187s (last event 3187s ago)
2026-08-08 00:03:07,729 WARNING engine.live LANE NQ SILENT for 3187s (last event 3187s ago)
2026-08-08 00:03:22,742 WARNING engine.live LANE ES SILENT for 3202s (last event 3202s ago)
2026-08-08 00:03:22,742 WARNING engine.live LANE NQ SILENT for 3202s (last event 3202s ago)
2026-08-08 00:03:37,742 WARNING engine.live LANE ES SILENT for 3217s (last event 3217s ago)
2026-08-08 00:03:37,743 WARNING engine.live LANE NQ SILENT for 3217s (last event 3217s ago)
2026-08-08 00:03:52,756 WARNING engine.live LANE ES SILENT for 3232s (last event 3232s ago)
2026-08-08 00:03:52,756 WARNING engine.live LANE NQ SILENT for 3232s (last event 3232s ago)
2026-08-08 00:04:07,755 WARNING engine.live LANE ES SILENT for 3247s (last event 3247s ago)
2026-08-08 00:04:07,756 WARNING engine.live LANE NQ SILENT for 3247s (last event 3247s ago)
2026-08-08 00:04:22,752 WARNING engine.live LANE ES SILENT for 3262s (last event 3262s ago)
2026-08-08 00:04:22,752 WARNING engine.live LANE NQ SILENT for 3262s (last event 3262s ago)
2026-08-08 00:04:37,761 WARNING engine.live LANE ES SILENT for 3277s (last event 3277s ago)
2026-08-08 00:04:37,761 WARNING engine.live LANE NQ SILENT for 3277s (last event 3277s ago)
2026-08-08 00:04:52,764 WARNING engine.live LANE ES SILENT for 3292s (last event 3292s ago)
2026-08-08 00:04:52,764 WARNING engine.live LANE NQ SILENT for 3292s (last event 3292s ago)
2026-08-08 00:05:07,778 WARNING engine.live LANE ES SILENT for 3307s (last event 3307s ago)
2026-08-08 00:05:07,778 WARNING engine.live LANE NQ SILENT for 3307s (last event 3307s ago)
2026-08-08 00:05:20,003 INFO engine.rawcapture raw capture [ES]: 0 rows/s  written=8136115  queue=0  dropped=0
2026-08-08 00:05:20,009 INFO engine.rawcapture raw capture [NQ]: 0 rows/s  written=20440852  queue=0  dropped=0
2026-08-08 00:05:22,790 WARNING engine.live LANE ES recovered after silence
2026-08-08 00:05:22,793 WARNING engine.live LANE NQ recovered after silence
2026-08-08 00:07:37,890 WARNING engine.live LANE ES SILENT for 125s (last event 125s ago)
2026-08-08 00:07:37,891 WARNING engine.live LANE NQ SILENT for 125s (last event 125s ago)
2026-08-08 00:07:52,885 WARNING engine.live LANE ES SILENT for 140s (last event 140s ago)
2026-08-08 00:07:52,885 WARNING engine.live LANE NQ SILENT for 140s (last event 140s ago)
2026-08-08 00:08:07,902 WARNING engine.live LANE ES SILENT for 155s (last event 155s ago)
2026-08-08 00:08:07,902 WARNING engine.live LANE NQ SILENT for 155s (last event 155s ago)
2026-08-08 00:08:22,924 WARNING engine.live LANE ES SILENT for 170s (last event 170s ago)
2026-08-08 00:08:22,924 WARNING engine.live LANE NQ SILENT for 170s (last event 170s ago)
2026-08-08 00:08:37,929 WARNING engine.live LANE ES SILENT for 185s (last event 185s ago)
2026-08-08 00:08:37,930 WARNING engine.live LANE NQ SILENT for 185s (last event 185s ago)
2026-08-08 00:08:52,937 WARNING engine.live LANE ES SILENT for 200s (last event 200s ago)
2026-08-08 00:08:52,938 WARNING engine.live LANE NQ SILENT for 200s (last event 200s ago)
2026-08-08 00:09:07,948 WARNING engine.live LANE ES SILENT for 215s (last event 215s ago)
2026-08-08 00:09:07,948 WARNING engine.live LANE NQ SILENT for 215s (last event 215s ago)
2026-08-08 00:09:22,978 WARNING engine.live LANE ES SILENT for 230s (last event 230s ago)
2026-08-08 00:09:22,978 WARNING engine.live LANE NQ SILENT for 230s (last event 230s ago)
2026-08-08 00:09:37,995 WARNING engine.live LANE ES SILENT for 245s (last event 245s ago)
2026-08-08 00:09:37,995 WARNING engine.live LANE NQ SILENT for 245s (last event 245s ago)
2026-08-08 00:09:53,001 WARNING engine.live LANE ES SILENT for 260s (last event 260s ago)
2026-08-08 00:09:53,001 WARNING engine.live LANE NQ SILENT for 260s (last event 260s ago)
2026-08-08 00:10:08,011 WARNING engine.live LANE ES SILENT for 275s (last event 275s ago)
2026-08-08 00:10:08,011 WARNING engine.live LANE NQ SILENT for 275s (last event 275s ago)
2026-08-08 00:10:23,014 WARNING engine.live LANE ES SILENT for 290s (last event 290s ago)
2026-08-08 00:10:23,014 WARNING engine.live LANE NQ SILENT for 290s (last event 290s ago)
2026-08-08 00:10:38,021 WARNING engine.live LANE ES SILENT for 305s (last event 305s ago)
2026-08-08 00:10:38,021 WARNING engine.live LANE NQ SILENT for 305s (last event 305s ago)
2026-08-08 00:10:53,032 WARNING engine.live LANE ES SILENT for 320s (last event 320s ago)
2026-08-08 00:10:53,032 WARNING engine.live LANE NQ SILENT for 320s (last event 320s ago)
2026-08-08 00:11:08,031 WARNING engine.live LANE ES SILENT for 335s (last event 335s ago)
2026-08-08 00:11:08,031 WARNING engine.live LANE NQ SILENT for 335s (last event 335s ago)
2026-08-08 00:11:23,049 WARNING engine.live LANE ES SILENT for 350s (last event 350s ago)
2026-08-08 00:11:23,049 WARNING engine.live LANE NQ SILENT for 350s (last event 350s ago)
2026-08-08 00:11:38,062 WARNING engine.live LANE ES SILENT for 365s (last event 365s ago)
2026-08-08 00:11:38,063 WARNING engine.live LANE NQ SILENT for 365s (last event 365s ago)
2026-08-08 00:11:53,050 WARNING engine.live LANE ES SILENT for 380s (last event 380s ago)
2026-08-08 00:11:53,050 WARNING engine.live LANE NQ SILENT for 380s (last event 380s ago)
2026-08-08 00:12:08,067 WARNING engine.live LANE ES SILENT for 395s (last event 395s ago)
2026-08-08 00:12:08,067 WARNING engine.live LANE NQ SILENT for 395s (last event 395s ago)
2026-08-08 00:12:23,070 WARNING engine.live LANE ES SILENT for 410s (last event 410s ago)
2026-08-08 00:12:23,070 WARNING engine.live LANE NQ SILENT for 410s (last event 410s ago)
2026-08-08 00:12:38,063 WARNING engine.live LANE ES SILENT for 425s (last event 425s ago)
2026-08-08 00:12:38,063 WARNING engine.live LANE NQ SILENT for 425s (last event 425s ago)
2026-08-08 00:12:53,066 WARNING engine.live LANE ES SILENT for 440s (last event 440s ago)
2026-08-08 00:12:53,067 WARNING engine.live LANE NQ SILENT for 440s (last event 440s ago)
2026-08-08 00:13:08,056 WARNING engine.live LANE ES SILENT for 455s (last event 455s ago)
2026-08-08 00:13:08,056 WARNING engine.live LANE NQ SILENT for 455s (last event 455s ago)
2026-08-08 00:13:23,060 WARNING engine.live LANE ES SILENT for 470s (last event 470s ago)
2026-08-08 00:13:23,060 WARNING engine.live LANE NQ SILENT for 470s (last event 470s ago)
2026-08-08 00:13:38,059 WARNING engine.live LANE ES SILENT for 485s (last event 485s ago)
2026-08-08 00:13:38,059 WARNING engine.live LANE NQ SILENT for 485s (last event 485s ago)
2026-08-08 00:13:53,079 WARNING engine.live LANE ES SILENT for 500s (last event 500s ago)
2026-08-08 00:13:53,079 WARNING engine.live LANE NQ SILENT for 500s (last event 500s ago)
2026-08-08 00:14:08,089 WARNING engine.live LANE ES SILENT for 515s (last event 515s ago)
2026-08-08 00:14:08,089 WARNING engine.live LANE NQ SILENT for 515s (last event 515s ago)
2026-08-08 00:14:23,103 WARNING engine.live LANE ES SILENT for 530s (last event 530s ago)
2026-08-08 00:14:23,103 WARNING engine.live LANE NQ SILENT for 530s (last event 530s ago)
2026-08-08 00:14:38,127 WARNING engine.live LANE ES SILENT for 545s (last event 545s ago)
2026-08-08 00:14:38,127 WARNING engine.live LANE NQ SILENT for 545s (last event 545s ago)
2026-08-08 00:14:53,135 WARNING engine.live LANE ES SILENT for 560s (last event 560s ago)
2026-08-08 00:14:53,136 WARNING engine.live LANE NQ SILENT for 560s (last event 560s ago)
2026-08-08 00:15:08,152 WARNING engine.live LANE ES SILENT for 575s (last event 575s ago)
2026-08-08 00:15:08,152 WARNING engine.live LANE NQ SILENT for 575s (last event 575s ago)
2026-08-08 00:15:23,156 WARNING engine.live LANE ES SILENT for 590s (last event 590s ago)
2026-08-08 00:15:23,156 WARNING engine.live LANE NQ SILENT for 590s (last event 590s ago)
2026-08-08 00:15:38,165 WARNING engine.live LANE ES SILENT for 605s (last event 605s ago)
2026-08-08 00:15:38,165 WARNING engine.live LANE NQ SILENT for 605s (last event 605s ago)
2026-08-08 00:15:53,193 WARNING engine.live LANE ES SILENT for 620s (last event 620s ago)
2026-08-08 00:15:53,193 WARNING engine.live LANE NQ SILENT for 620s (last event 620s ago)
2026-08-08 00:16:08,175 WARNING engine.live LANE ES SILENT for 635s (last event 635s ago)
2026-08-08 00:16:08,176 WARNING engine.live LANE NQ SILENT for 635s (last event 635s ago)
2026-08-08 00:16:23,182 WARNING engine.live LANE ES SILENT for 650s (last event 650s ago)
2026-08-08 00:16:23,182 WARNING engine.live LANE NQ SILENT for 650s (last event 650s ago)
2026-08-08 00:16:38,195 WARNING engine.live LANE ES SILENT for 665s (last event 665s ago)
2026-08-08 00:16:38,195 WARNING engine.live LANE NQ SILENT for 665s (last event 665s ago)
2026-08-08 00:16:53,192 WARNING engine.live LANE ES SILENT for 680s (last event 680s ago)
2026-08-08 00:16:53,192 WARNING engine.live LANE NQ SILENT for 680s (last event 680s ago)
2026-08-08 00:17:08,201 WARNING engine.live LANE ES SILENT for 695s (last event 695s ago)
2026-08-08 00:17:08,201 WARNING engine.live LANE NQ SILENT for 695s (last event 695s ago)
2026-08-08 00:17:23,200 WARNING engine.live LANE ES SILENT for 710s (last event 710s ago)
2026-08-08 00:17:23,200 WARNING engine.live LANE NQ SILENT for 710s (last event 710s ago)
2026-08-08 00:17:38,214 WARNING engine.live LANE ES SILENT for 725s (last event 725s ago)
2026-08-08 00:17:38,214 WARNING engine.live LANE NQ SILENT for 725s (last event 725s ago)
2026-08-08 00:17:53,235 WARNING engine.live LANE ES SILENT for 740s (last event 740s ago)
2026-08-08 00:17:53,235 WARNING engine.live LANE NQ SILENT for 740s (last event 740s ago)
2026-08-08 00:18:08,234 WARNING engine.live LANE ES SILENT for 755s (last event 755s ago)
2026-08-08 00:18:08,234 WARNING engine.live LANE NQ SILENT for 755s (last event 755s ago)
2026-08-08 00:18:23,253 WARNING engine.live LANE ES SILENT for 770s (last event 770s ago)
2026-08-08 00:18:23,253 WARNING engine.live LANE NQ SILENT for 770s (last event 770s ago)
2026-08-08 00:18:38,257 WARNING engine.live LANE ES SILENT for 785s (last event 785s ago)
2026-08-08 00:18:38,257 WARNING engine.live LANE NQ SILENT for 785s (last event 785s ago)
2026-08-08 00:18:53,261 WARNING engine.live LANE ES SILENT for 800s (last event 800s ago)
2026-08-08 00:18:53,261 WARNING engine.live LANE NQ SILENT for 800s (last event 800s ago)
2026-08-08 00:19:08,264 WARNING engine.live LANE ES SILENT for 815s (last event 815s ago)
2026-08-08 00:19:08,264 WARNING engine.live LANE NQ SILENT for 815s (last event 815s ago)
2026-08-08 00:19:23,283 WARNING engine.live LANE ES SILENT for 830s (last event 830s ago)
2026-08-08 00:19:23,283 WARNING engine.live LANE NQ SILENT for 830s (last event 830s ago)
2026-08-08 00:19:38,301 WARNING engine.live LANE ES SILENT for 845s (last event 845s ago)
2026-08-08 00:19:38,301 WARNING engine.live LANE NQ SILENT for 845s (last event 845s ago)
2026-08-08 00:19:53,309 WARNING engine.live LANE ES SILENT for 860s (last event 860s ago)
2026-08-08 00:19:53,310 WARNING engine.live LANE NQ SILENT for 860s (last event 860s ago)
2026-08-08 00:20:08,330 WARNING engine.live LANE ES SILENT for 876s (last event 876s ago)
2026-08-08 00:20:08,330 WARNING engine.live LANE NQ SILENT for 876s (last event 876s ago)
2026-08-08 00:20:23,325 WARNING engine.live LANE ES SILENT for 891s (last event 891s ago)
2026-08-08 00:20:23,326 WARNING engine.live LANE NQ SILENT for 891s (last event 891s ago)
2026-08-08 00:20:38,346 WARNING engine.live LANE ES SILENT for 906s (last event 906s ago)
2026-08-08 00:20:38,346 WARNING engine.live LANE NQ SILENT for 906s (last event 906s ago)
2026-08-08 00:20:53,363 WARNING engine.live LANE ES SILENT for 921s (last event 921s ago)
2026-08-08 00:20:53,364 WARNING engine.live LANE NQ SILENT for 921s (last event 921s ago)
2026-08-08 00:21:08,374 WARNING engine.live LANE ES SILENT for 936s (last event 936s ago)
2026-08-08 00:21:08,375 WARNING engine.live LANE NQ SILENT for 936s (last event 936s ago)
2026-08-08 00:21:23,368 WARNING engine.live LANE ES SILENT for 951s (last event 951s ago)
2026-08-08 00:21:23,368 WARNING engine.live LANE NQ SILENT for 951s (last event 951s ago)
2026-08-08 00:21:38,394 WARNING engine.live LANE ES SILENT for 966s (last event 966s ago)
2026-08-08 00:21:38,394 WARNING engine.live LANE NQ SILENT for 966s (last event 966s ago)
2026-08-08 00:21:53,391 WARNING engine.live LANE ES SILENT for 981s (last event 981s ago)
2026-08-08 00:21:53,391 WARNING engine.live LANE NQ SILENT for 981s (last event 981s ago)
2026-08-08 00:22:08,398 WARNING engine.live LANE ES SILENT for 996s (last event 996s ago)
2026-08-08 00:22:08,399 WARNING engine.live LANE NQ SILENT for 996s (last event 996s ago)
2026-08-08 00:22:23,424 WARNING engine.live LANE ES SILENT for 1011s (last event 1011s ago)
2026-08-08 00:22:23,425 WARNING engine.live LANE NQ SILENT for 1011s (last event 1011s ago)
2026-08-08 00:22:38,435 WARNING engine.live LANE ES SILENT for 1026s (last event 1026s ago)
2026-08-08 00:22:38,435 WARNING engine.live LANE NQ SILENT for 1026s (last event 1026s ago)
2026-08-08 00:22:53,457 WARNING engine.live LANE ES SILENT for 1041s (last event 1041s ago)
2026-08-08 00:22:53,457 WARNING engine.live LANE NQ SILENT for 1041s (last event 1041s ago)
2026-08-08 00:23:08,459 WARNING engine.live LANE ES SILENT for 1056s (last event 1056s ago)
2026-08-08 00:23:08,459 WARNING engine.live LANE NQ SILENT for 1056s (last event 1056s ago)
2026-08-08 00:23:23,472 WARNING engine.live LANE ES SILENT for 1071s (last event 1071s ago)
2026-08-08 00:23:23,472 WARNING engine.live LANE NQ SILENT for 1071s (last event 1071s ago)
2026-08-08 00:23:38,481 WARNING engine.live LANE ES SILENT for 1086s (last event 1086s ago)
2026-08-08 00:23:38,481 WARNING engine.live LANE NQ SILENT for 1086s (last event 1086s ago)
2026-08-08 00:23:53,503 WARNING engine.live LANE ES SILENT for 1101s (last event 1101s ago)
2026-08-08 00:23:53,504 WARNING engine.live LANE NQ SILENT for 1101s (last event 1101s ago)
2026-08-08 00:24:08,516 WARNING engine.live LANE ES SILENT for 1116s (last event 1116s ago)
2026-08-08 00:24:08,517 WARNING engine.live LANE NQ SILENT for 1116s (last event 1116s ago)
2026-08-08 00:24:23,514 WARNING engine.live LANE ES SILENT for 1131s (last event 1131s ago)
2026-08-08 00:24:23,514 WARNING engine.live LANE NQ SILENT for 1131s (last event 1131s ago)
2026-08-08 00:24:38,531 WARNING engine.live LANE ES SILENT for 1146s (last event 1146s ago)
2026-08-08 00:24:38,531 WARNING engine.live LANE NQ SILENT for 1146s (last event 1146s ago)
2026-08-08 00:24:53,543 WARNING engine.live LANE ES SILENT for 1161s (last event 1161s ago)
2026-08-08 00:24:53,543 WARNING engine.live LANE NQ SILENT for 1161s (last event 1161s ago)
2026-08-08 00:25:08,558 WARNING engine.live LANE ES SILENT for 1176s (last event 1176s ago)
2026-08-08 00:25:08,558 WARNING engine.live LANE NQ SILENT for 1176s (last event 1176s ago)
2026-08-08 00:25:23,550 WARNING engine.live LANE ES SILENT for 1191s (last event 1191s ago)
2026-08-08 00:25:23,551 WARNING engine.live LANE NQ SILENT for 1191s (last event 1191s ago)
2026-08-08 00:25:38,562 WARNING engine.live LANE ES SILENT for 1206s (last event 1206s ago)
2026-08-08 00:25:38,562 WARNING engine.live LANE NQ SILENT for 1206s (last event 1206s ago)
2026-08-08 00:25:53,570 WARNING engine.live LANE ES SILENT for 1221s (last event 1221s ago)
2026-08-08 00:25:53,570 WARNING engine.live LANE NQ SILENT for 1221s (last event 1221s ago)
2026-08-08 00:26:08,579 WARNING engine.live LANE ES SILENT for 1236s (last event 1236s ago)
2026-08-08 00:26:08,579 WARNING engine.live LANE NQ SILENT for 1236s (last event 1236s ago)
2026-08-08 00:26:23,573 WARNING engine.live LANE ES SILENT for 1251s (last event 1251s ago)
2026-08-08 00:26:23,573 WARNING engine.live LANE NQ SILENT for 1251s (last event 1251s ago)
2026-08-08 00:26:38,592 WARNING engine.live LANE ES SILENT for 1266s (last event 1266s ago)
2026-08-08 00:26:38,592 WARNING engine.live LANE NQ SILENT for 1266s (last event 1266s ago)
2026-08-08 00:26:53,604 WARNING engine.live LANE ES SILENT for 1281s (last event 1281s ago)
2026-08-08 00:26:53,604 WARNING engine.live LANE NQ SILENT for 1281s (last event 1281s ago)
2026-08-08 00:27:08,605 WARNING engine.live LANE ES SILENT for 1296s (last event 1296s ago)
2026-08-08 00:27:08,605 WARNING engine.live LANE NQ SILENT for 1296s (last event 1296s ago)
2026-08-08 00:27:23,609 WARNING engine.live LANE ES SILENT for 1311s (last event 1311s ago)
2026-08-08 00:27:23,610 WARNING engine.live LANE NQ SILENT for 1311s (last event 1311s ago)
2026-08-08 00:27:38,620 WARNING engine.live LANE ES SILENT for 1326s (last event 1326s ago)
2026-08-08 00:27:38,620 WARNING engine.live LANE NQ SILENT for 1326s (last event 1326s ago)
2026-08-08 00:27:53,643 WARNING engine.live LANE ES SILENT for 1341s (last event 1341s ago)
2026-08-08 00:27:53,643 WARNING engine.live LANE NQ SILENT for 1341s (last event 1341s ago)
2026-08-08 00:28:08,640 WARNING engine.live LANE ES SILENT for 1356s (last event 1356s ago)
2026-08-08 00:28:08,640 WARNING engine.live LANE NQ SILENT for 1356s (last event 1356s ago)
2026-08-08 00:28:23,633 WARNING engine.live LANE ES SILENT for 1371s (last event 1371s ago)
2026-08-08 00:28:23,634 WARNING engine.live LANE NQ SILENT for 1371s (last event 1371s ago)
2026-08-08 00:28:38,646 WARNING engine.live LANE ES SILENT for 1386s (last event 1386s ago)
2026-08-08 00:28:38,646 WARNING engine.live LANE NQ SILENT for 1386s (last event 1386s ago)
2026-08-08 00:28:53,656 WARNING engine.live LANE ES SILENT for 1401s (last event 1401s ago)
2026-08-08 00:28:53,656 WARNING engine.live LANE NQ SILENT for 1401s (last event 1401s ago)
2026-08-08 00:29:08,655 WARNING engine.live LANE ES SILENT for 1416s (last event 1416s ago)
2026-08-08 00:29:08,655 WARNING engine.live LANE NQ SILENT for 1416s (last event 1416s ago)
2026-08-08 00:29:23,649 WARNING engine.live LANE ES SILENT for 1431s (last event 1431s ago)
2026-08-08 00:29:23,649 WARNING engine.live LANE NQ SILENT for 1431s (last event 1431s ago)
2026-08-08 00:29:38,664 WARNING engine.live LANE ES SILENT for 1446s (last event 1446s ago)
2026-08-08 00:29:38,664 WARNING engine.live LANE NQ SILENT for 1446s (last event 1446s ago)
2026-08-08 00:29:53,672 WARNING engine.live LANE ES SILENT for 1461s (last event 1461s ago)
2026-08-08 00:29:53,672 WARNING engine.live LANE NQ SILENT for 1461s (last event 1461s ago)
2026-08-08 00:30:08,680 WARNING engine.live LANE ES SILENT for 1476s (last event 1476s ago)
2026-08-08 00:30:08,681 WARNING engine.live LANE NQ SILENT for 1476s (last event 1476s ago)
2026-08-08 00:30:23,697 WARNING engine.live LANE ES SILENT for 1491s (last event 1491s ago)
2026-08-08 00:30:23,697 WARNING engine.live LANE NQ SILENT for 1491s (last event 1491s ago)
2026-08-08 00:30:38,717 WARNING engine.live LANE ES SILENT for 1506s (last event 1506s ago)
2026-08-08 00:30:38,718 WARNING engine.live LANE NQ SILENT for 1506s (last event 1506s ago)
2026-08-08 00:30:53,725 WARNING engine.live LANE ES SILENT for 1521s (last event 1521s ago)
2026-08-08 00:30:53,725 WARNING engine.live LANE NQ SILENT for 1521s (last event 1521s ago)
2026-08-08 00:31:08,741 WARNING engine.live LANE ES SILENT for 1536s (last event 1536s ago)
2026-08-08 00:31:08,742 WARNING engine.live LANE NQ SILENT for 1536s (last event 1536s ago)
2026-08-08 00:31:23,759 WARNING engine.live LANE ES SILENT for 1551s (last event 1551s ago)
2026-08-08 00:31:23,759 WARNING engine.live LANE NQ SILENT for 1551s (last event 1551s ago)
2026-08-08 00:31:38,773 WARNING engine.live LANE ES SILENT for 1566s (last event 1566s ago)
2026-08-08 00:31:38,773 WARNING engine.live LANE NQ SILENT for 1566s (last event 1566s ago)
2026-08-08 00:31:53,792 WARNING engine.live LANE ES SILENT for 1581s (last event 1581s ago)
2026-08-08 00:31:53,792 WARNING engine.live LANE NQ SILENT for 1581s (last event 1581s ago)
2026-08-08 00:32:08,813 WARNING engine.live LANE ES SILENT for 1596s (last event 1596s ago)
2026-08-08 00:32:08,813 WARNING engine.live LANE NQ SILENT for 1596s (last event 1596s ago)
2026-08-08 00:32:23,812 WARNING engine.live LANE ES SILENT for 1611s (last event 1611s ago)
2026-08-08 00:32:23,812 WARNING engine.live LANE NQ SILENT for 1611s (last event 1611s ago)
2026-08-08 00:32:38,831 WARNING engine.live LANE ES SILENT for 1626s (last event 1626s ago)
2026-08-08 00:32:38,831 WARNING engine.live LANE NQ SILENT for 1626s (last event 1626s ago)
2026-08-08 00:32:53,842 WARNING engine.live LANE ES SILENT for 1641s (last event 1641s ago)
2026-08-08 00:32:53,843 WARNING engine.live LANE NQ SILENT for 1641s (last event 1641s ago)
2026-08-08 00:33:08,851 WARNING engine.live LANE ES SILENT for 1656s (last event 1656s ago)
2026-08-08 00:33:08,851 WARNING engine.live LANE NQ SILENT for 1656s (last event 1656s ago)
2026-08-08 00:33:23,878 WARNING engine.live LANE ES SILENT for 1671s (last event 1671s ago)
2026-08-08 00:33:23,879 WARNING engine.live LANE NQ SILENT for 1671s (last event 1671s ago)
2026-08-08 00:33:38,890 WARNING engine.live LANE ES SILENT for 1686s (last event 1686s ago)
2026-08-08 00:33:38,890 WARNING engine.live LANE NQ SILENT for 1686s (last event 1686s ago)
2026-08-08 00:33:53,909 WARNING engine.live LANE ES SILENT for 1701s (last event 1701s ago)
2026-08-08 00:33:53,909 WARNING engine.live LANE NQ SILENT for 1701s (last event 1701s ago)
2026-08-08 00:34:08,916 WARNING engine.live LANE ES SILENT for 1716s (last event 1716s ago)
2026-08-08 00:34:08,916 WARNING engine.live LANE NQ SILENT for 1716s (last event 1716s ago)
2026-08-08 00:34:23,929 WARNING engine.live LANE ES SILENT for 1731s (last event 1731s ago)
2026-08-08 00:34:23,929 WARNING engine.live LANE NQ SILENT for 1731s (last event 1731s ago)
2026-08-08 00:34:38,933 WARNING engine.live LANE ES SILENT for 1746s (last event 1746s ago)
2026-08-08 00:34:38,934 WARNING engine.live LANE NQ SILENT for 1746s (last event 1746s ago)
2026-08-08 00:34:53,941 WARNING engine.live LANE ES SILENT for 1761s (last event 1761s ago)
2026-08-08 00:34:53,941 WARNING engine.live LANE NQ SILENT for 1761s (last event 1761s ago)
2026-08-08 00:35:08,950 WARNING engine.live LANE ES SILENT for 1776s (last event 1776s ago)
2026-08-08 00:35:08,950 WARNING engine.live LANE NQ SILENT for 1776s (last event 1776s ago)
2026-08-08 00:35:23,962 WARNING engine.live LANE ES SILENT for 1791s (last event 1791s ago)
2026-08-08 00:35:23,963 WARNING engine.live LANE NQ SILENT for 1791s (last event 1791s ago)
2026-08-08 00:35:38,971 WARNING engine.live LANE ES SILENT for 1806s (last event 1806s ago)
2026-08-08 00:35:38,971 WARNING engine.live LANE NQ SILENT for 1806s (last event 1806s ago)
2026-08-08 00:35:53,986 WARNING engine.live LANE ES SILENT for 1821s (last event 1821s ago)
2026-08-08 00:35:53,986 WARNING engine.live LANE NQ SILENT for 1821s (last event 1821s ago)
2026-08-08 00:36:08,991 WARNING engine.live LANE ES SILENT for 1836s (last event 1836s ago)
2026-08-08 00:36:08,991 WARNING engine.live LANE NQ SILENT for 1836s (last event 1836s ago)
2026-08-08 00:36:24,005 WARNING engine.live LANE ES SILENT for 1851s (last event 1851s ago)
2026-08-08 00:36:24,005 WARNING engine.live LANE NQ SILENT for 1851s (last event 1851s ago)
2026-08-08 00:36:39,018 WARNING engine.live LANE ES SILENT for 1866s (last event 1866s ago)
2026-08-08 00:36:39,019 WARNING engine.live LANE NQ SILENT for 1866s (last event 1866s ago)
2026-08-08 00:36:54,016 WARNING engine.live LANE ES SILENT for 1881s (last event 1881s ago)
2026-08-08 00:36:54,017 WARNING engine.live LANE NQ SILENT for 1881s (last event 1881s ago)
2026-08-08 00:37:09,018 WARNING engine.live LANE ES SILENT for 1896s (last event 1896s ago)
2026-08-08 00:37:09,018 WARNING engine.live LANE NQ SILENT for 1896s (last event 1896s ago)
2026-08-08 00:37:24,018 WARNING engine.live LANE ES SILENT for 1911s (last event 1911s ago)
2026-08-08 00:37:24,018 WARNING engine.live LANE NQ SILENT for 1911s (last event 1911s ago)
2026-08-08 00:37:39,020 WARNING engine.live LANE ES SILENT for 1926s (last event 1926s ago)
2026-08-08 00:37:39,021 WARNING engine.live LANE NQ SILENT for 1926s (last event 1926s ago)
2026-08-08 00:37:54,025 WARNING engine.live LANE ES SILENT for 1941s (last event 1941s ago)
2026-08-08 00:37:54,025 WARNING engine.live LANE NQ SILENT for 1941s (last event 1941s ago)
2026-08-08 00:38:09,025 WARNING engine.live LANE ES SILENT for 1956s (last event 1956s ago)
2026-08-08 00:38:09,026 WARNING engine.live LANE NQ SILENT for 1956s (last event 1956s ago)
2026-08-08 00:38:24,040 WARNING engine.live LANE ES SILENT for 1971s (last event 1971s ago)
2026-08-08 00:38:24,040 WARNING engine.live LANE NQ SILENT for 1971s (last event 1971s ago)
2026-08-08 00:38:39,068 WARNING engine.live LANE ES SILENT for 1986s (last event 1986s ago)
2026-08-08 00:38:39,068 WARNING engine.live LANE NQ SILENT for 1986s (last event 1986s ago)
2026-08-08 00:38:54,084 WARNING engine.live LANE ES SILENT for 2001s (last event 2001s ago)
2026-08-08 00:38:54,084 WARNING engine.live LANE NQ SILENT for 2001s (last event 2001s ago)
2026-08-08 00:39:09,102 WARNING engine.live LANE ES SILENT for 2016s (last event 2016s ago)
2026-08-08 00:39:09,102 WARNING engine.live LANE NQ SILENT for 2016s (last event 2016s ago)
2026-08-08 00:39:24,118 WARNING engine.live LANE ES SILENT for 2031s (last event 2031s ago)
2026-08-08 00:39:24,123 WARNING engine.live LANE NQ SILENT for 2031s (last event 2031s ago)
2026-08-08 00:39:39,132 WARNING engine.live LANE ES SILENT for 2046s (last event 2046s ago)
2026-08-08 00:39:39,135 WARNING engine.live LANE NQ SILENT for 2046s (last event 2046s ago)
2026-08-08 00:39:54,146 WARNING engine.live LANE ES SILENT for 2061s (last event 2061s ago)
2026-08-08 00:39:54,147 WARNING engine.live LANE NQ SILENT for 2061s (last event 2061s ago)
2026-08-08 00:40:09,155 WARNING engine.live LANE ES SILENT for 2076s (last event 2076s ago)
2026-08-08 00:40:09,156 WARNING engine.live LANE NQ SILENT for 2076s (last event 2076s ago)
2026-08-08 00:40:24,159 WARNING engine.live LANE ES SILENT for 2091s (last event 2091s ago)
2026-08-08 00:40:24,159 WARNING engine.live LANE NQ SILENT for 2091s (last event 2091s ago)
2026-08-08 00:40:39,158 WARNING engine.live LANE ES SILENT for 2106s (last event 2106s ago)
2026-08-08 00:40:39,159 WARNING engine.live LANE NQ SILENT for 2106s (last event 2106s ago)
2026-08-08 00:40:54,173 WARNING engine.live LANE ES SILENT for 2121s (last event 2121s ago)
2026-08-08 00:40:54,173 WARNING engine.live LANE NQ SILENT for 2121s (last event 2121s ago)
2026-08-08 00:41:09,168 WARNING engine.live LANE ES SILENT for 2136s (last event 2136s ago)
2026-08-08 00:41:09,170 WARNING engine.live LANE NQ SILENT for 2136s (last event 2136s ago)
2026-08-08 00:41:24,185 WARNING engine.live LANE ES SILENT for 2151s (last event 2151s ago)
2026-08-08 00:41:24,186 WARNING engine.live LANE NQ SILENT for 2151s (last event 2151s ago)
2026-08-08 00:41:39,195 WARNING engine.live LANE ES SILENT for 2166s (last event 2166s ago)
2026-08-08 00:41:39,195 WARNING engine.live LANE NQ SILENT for 2166s (last event 2166s ago)
2026-08-08 00:41:54,215 WARNING engine.live LANE ES SILENT for 2181s (last event 2181s ago)
2026-08-08 00:41:54,216 WARNING engine.live LANE NQ SILENT for 2181s (last event 2181s ago)
2026-08-08 00:42:09,222 WARNING engine.live LANE ES SILENT for 2196s (last event 2196s ago)
2026-08-08 00:42:09,223 WARNING engine.live LANE NQ SILENT for 2196s (last event 2196s ago)
2026-08-08 00:42:24,237 WARNING engine.live LANE ES SILENT for 2211s (last event 2211s ago)
2026-08-08 00:42:24,238 WARNING engine.live LANE NQ SILENT for 2211s (last event 2211s ago)
2026-08-08 00:42:39,253 WARNING engine.live LANE ES SILENT for 2226s (last event 2226s ago)
2026-08-08 00:42:39,253 WARNING engine.live LANE NQ SILENT for 2226s (last event 2226s ago)
2026-08-08 00:42:54,246 WARNING engine.live LANE ES SILENT for 2241s (last event 2241s ago)
2026-08-08 00:42:54,246 WARNING engine.live LANE NQ SILENT for 2241s (last event 2241s ago)
2026-08-08 00:43:09,256 WARNING engine.live LANE ES SILENT for 2256s (last event 2256s ago)
2026-08-08 00:43:09,258 WARNING engine.live LANE NQ SILENT for 2256s (last event 2256s ago)
2026-08-08 00:43:24,275 WARNING engine.live LANE ES SILENT for 2271s (last event 2271s ago)
2026-08-08 00:43:24,275 WARNING engine.live LANE NQ SILENT for 2271s (last event 2271s ago)
2026-08-08 00:43:39,284 WARNING engine.live LANE ES SILENT for 2286s (last event 2286s ago)
2026-08-08 00:43:39,284 WARNING engine.live LANE NQ SILENT for 2286s (last event 2286s ago)
2026-08-08 00:43:54,293 WARNING engine.live LANE ES SILENT for 2301s (last event 2301s ago)
2026-08-08 00:43:54,294 WARNING engine.live LANE NQ SILENT for 2301s (last event 2301s ago)
2026-08-08 00:44:09,304 WARNING engine.live LANE ES SILENT for 2316s (last event 2316s ago)
2026-08-08 00:44:09,304 WARNING engine.live LANE NQ SILENT for 2316s (last event 2316s ago)
2026-08-08 00:44:24,309 WARNING engine.live LANE ES SILENT for 2331s (last event 2331s ago)
2026-08-08 00:44:24,309 WARNING engine.live LANE NQ SILENT for 2331s (last event 2331s ago)
2026-08-08 00:44:39,311 WARNING engine.live LANE ES SILENT for 2346s (last event 2346s ago)
2026-08-08 00:44:39,311 WARNING engine.live LANE NQ SILENT for 2346s (last event 2346s ago)
2026-08-08 00:44:54,325 WARNING engine.live LANE ES SILENT for 2362s (last event 2362s ago)
2026-08-08 00:44:54,325 WARNING engine.live LANE NQ SILENT for 2362s (last event 2362s ago)
2026-08-08 00:45:09,342 WARNING engine.live LANE ES SILENT for 2377s (last event 2377s ago)
2026-08-08 00:45:09,342 WARNING engine.live LANE NQ SILENT for 2377s (last event 2377s ago)
2026-08-08 00:45:24,342 WARNING engine.live LANE ES SILENT for 2392s (last event 2392s ago)
2026-08-08 00:45:24,343 WARNING engine.live LANE NQ SILENT for 2392s (last event 2392s ago)
2026-08-08 00:45:39,358 WARNING engine.live LANE ES SILENT for 2407s (last event 2407s ago)
2026-08-08 00:45:39,358 WARNING engine.live LANE NQ SILENT for 2407s (last event 2407s ago)
2026-08-08 00:45:54,368 WARNING engine.live LANE ES SILENT for 2422s (last event 2422s ago)
2026-08-08 00:45:54,368 WARNING engine.live LANE NQ SILENT for 2422s (last event 2422s ago)
2026-08-08 00:46:09,373 WARNING engine.live LANE ES SILENT for 2437s (last event 2437s ago)
2026-08-08 00:46:09,373 WARNING engine.live LANE NQ SILENT for 2437s (last event 2437s ago)
2026-08-08 00:46:24,386 WARNING engine.live LANE ES SILENT for 2452s (last event 2452s ago)
2026-08-08 00:46:24,386 WARNING engine.live LANE NQ SILENT for 2452s (last event 2452s ago)
2026-08-08 00:46:39,386 WARNING engine.live LANE ES SILENT for 2467s (last event 2467s ago)
2026-08-08 00:46:39,387 WARNING engine.live LANE NQ SILENT for 2467s (last event 2467s ago)
2026-08-08 00:46:54,392 WARNING engine.live LANE ES SILENT for 2482s (last event 2482s ago)
2026-08-08 00:46:54,392 WARNING engine.live LANE NQ SILENT for 2482s (last event 2482s ago)
2026-08-08 00:47:09,382 WARNING engine.live LANE ES SILENT for 2497s (last event 2497s ago)
2026-08-08 00:47:09,382 WARNING engine.live LANE NQ SILENT for 2497s (last event 2497s ago)
2026-08-08 00:47:24,396 WARNING engine.live LANE ES SILENT for 2512s (last event 2512s ago)
2026-08-08 00:47:24,397 WARNING engine.live LANE NQ SILENT for 2512s (last event 2512s ago)
2026-08-08 00:47:39,410 WARNING engine.live LANE ES SILENT for 2527s (last event 2527s ago)
2026-08-08 00:47:39,410 WARNING engine.live LANE NQ SILENT for 2527s (last event 2527s ago)
2026-08-08 00:47:54,438 WARNING engine.live LANE ES SILENT for 2542s (last event 2542s ago)
2026-08-08 00:47:54,438 WARNING engine.live LANE NQ SILENT for 2542s (last event 2542s ago)
2026-08-08 00:48:09,437 WARNING engine.live LANE ES SILENT for 2557s (last event 2557s ago)
2026-08-08 00:48:09,437 WARNING engine.live LANE NQ SILENT for 2557s (last event 2557s ago)
2026-08-08 00:48:24,445 WARNING engine.live LANE ES SILENT for 2572s (last event 2572s ago)
2026-08-08 00:48:24,445 WARNING engine.live LANE NQ SILENT for 2572s (last event 2572s ago)
2026-08-08 00:48:39,468 WARNING engine.live LANE ES SILENT for 2587s (last event 2587s ago)
2026-08-08 00:48:39,468 WARNING engine.live LANE NQ SILENT for 2587s (last event 2587s ago)
2026-08-08 00:48:54,485 WARNING engine.live LANE ES SILENT for 2602s (last event 2602s ago)
2026-08-08 00:48:54,485 WARNING engine.live LANE NQ SILENT for 2602s (last event 2602s ago)
2026-08-08 00:49:09,474 WARNING engine.live LANE ES SILENT for 2617s (last event 2617s ago)
2026-08-08 00:49:09,474 WARNING engine.live LANE NQ SILENT for 2617s (last event 2617s ago)
2026-08-08 00:49:24,486 WARNING engine.live LANE ES SILENT for 2632s (last event 2632s ago)
2026-08-08 00:49:24,486 WARNING engine.live LANE NQ SILENT for 2632s (last event 2632s ago)
2026-08-08 00:49:39,504 WARNING engine.live LANE ES SILENT for 2647s (last event 2647s ago)
2026-08-08 00:49:39,504 WARNING engine.live LANE NQ SILENT for 2647s (last event 2647s ago)
2026-08-08 00:49:54,526 WARNING engine.live LANE ES SILENT for 2662s (last event 2662s ago)
2026-08-08 00:49:54,526 WARNING engine.live LANE NQ SILENT for 2662s (last event 2662s ago)
2026-08-08 00:50:09,543 WARNING engine.live LANE ES SILENT for 2677s (last event 2677s ago)
2026-08-08 00:50:09,544 WARNING engine.live LANE NQ SILENT for 2677s (last event 2677s ago)
2026-08-08 00:50:24,544 WARNING engine.live LANE ES SILENT for 2692s (last event 2692s ago)
2026-08-08 00:50:24,545 WARNING engine.live LANE NQ SILENT for 2692s (last event 2692s ago)
2026-08-08 00:50:39,552 WARNING engine.live LANE ES SILENT for 2707s (last event 2707s ago)
2026-08-08 00:50:39,552 WARNING engine.live LANE NQ SILENT for 2707s (last event 2707s ago)
2026-08-08 00:50:54,562 WARNING engine.live LANE ES SILENT for 2722s (last event 2722s ago)
2026-08-08 00:50:54,562 WARNING engine.live LANE NQ SILENT for 2722s (last event 2722s ago)
2026-08-08 00:51:09,570 WARNING engine.live LANE ES SILENT for 2737s (last event 2737s ago)
2026-08-08 00:51:09,570 WARNING engine.live LANE NQ SILENT for 2737s (last event 2737s ago)
2026-08-08 00:51:24,593 WARNING engine.live LANE ES SILENT for 2752s (last event 2752s ago)
2026-08-08 00:51:24,594 WARNING engine.live LANE NQ SILENT for 2752s (last event 2752s ago)
2026-08-08 00:51:39,592 WARNING engine.live LANE ES SILENT for 2767s (last event 2767s ago)
2026-08-08 00:51:39,593 WARNING engine.live LANE NQ SILENT for 2767s (last event 2767s ago)
2026-08-08 00:51:54,587 WARNING engine.live LANE ES SILENT for 2782s (last event 2782s ago)
2026-08-08 00:51:54,587 WARNING engine.live LANE NQ SILENT for 2782s (last event 2782s ago)
2026-08-08 00:52:09,606 WARNING engine.live LANE ES SILENT for 2797s (last event 2797s ago)
2026-08-08 00:52:09,606 WARNING engine.live LANE NQ SILENT for 2797s (last event 2797s ago)
2026-08-08 00:52:24,623 WARNING engine.live LANE ES SILENT for 2812s (last event 2812s ago)
2026-08-08 00:52:24,623 WARNING engine.live LANE NQ SILENT for 2812s (last event 2812s ago)
2026-08-08 00:52:39,622 WARNING engine.live LANE ES SILENT for 2827s (last event 2827s ago)
2026-08-08 00:52:39,622 WARNING engine.live LANE NQ SILENT for 2827s (last event 2827s ago)
2026-08-08 00:52:54,617 WARNING engine.live LANE ES SILENT for 2842s (last event 2842s ago)
2026-08-08 00:52:54,617 WARNING engine.live LANE NQ SILENT for 2842s (last event 2842s ago)
2026-08-08 00:53:09,635 WARNING engine.live LANE ES SILENT for 2857s (last event 2857s ago)
2026-08-08 00:53:09,636 WARNING engine.live LANE NQ SILENT for 2857s (last event 2857s ago)
2026-08-08 00:53:24,619 WARNING engine.live LANE ES SILENT for 2872s (last event 2872s ago)
2026-08-08 00:53:24,619 WARNING engine.live LANE NQ SILENT for 2872s (last event 2872s ago)
2026-08-08 00:53:39,614 WARNING engine.live LANE ES SILENT for 2887s (last event 2887s ago)
2026-08-08 00:53:39,614 WARNING engine.live LANE NQ SILENT for 2887s (last event 2887s ago)
2026-08-08 00:53:54,630 WARNING engine.live LANE ES SILENT for 2902s (last event 2902s ago)
2026-08-08 00:53:54,631 WARNING engine.live LANE NQ SILENT for 2902s (last event 2902s ago)
2026-08-08 00:54:09,650 WARNING engine.live LANE ES SILENT for 2917s (last event 2917s ago)
2026-08-08 00:54:09,650 WARNING engine.live LANE NQ SILENT for 2917s (last event 2917s ago)
2026-08-08 00:54:24,656 WARNING engine.live LANE ES SILENT for 2932s (last event 2932s ago)
2026-08-08 00:54:24,656 WARNING engine.live LANE NQ SILENT for 2932s (last event 2932s ago)
2026-08-08 00:54:39,648 WARNING engine.live LANE ES SILENT for 2947s (last event 2947s ago)
2026-08-08 00:54:39,649 WARNING engine.live LANE NQ SILENT for 2947s (last event 2947s ago)
2026-08-08 00:54:54,645 WARNING engine.live LANE ES SILENT for 2962s (last event 2962s ago)
2026-08-08 00:54:54,645 WARNING engine.live LANE NQ SILENT for 2962s (last event 2962s ago)
2026-08-08 00:55:09,658 WARNING engine.live LANE ES SILENT for 2977s (last event 2977s ago)
2026-08-08 00:55:09,658 WARNING engine.live LANE NQ SILENT for 2977s (last event 2977s ago)
2026-08-08 00:55:24,681 WARNING engine.live LANE ES SILENT for 2992s (last event 2992s ago)
2026-08-08 00:55:24,681 WARNING engine.live LANE NQ SILENT for 2992s (last event 2992s ago)
2026-08-08 00:55:39,694 WARNING engine.live LANE ES SILENT for 3007s (last event 3007s ago)
2026-08-08 00:55:39,694 WARNING engine.live LANE NQ SILENT for 3007s (last event 3007s ago)
2026-08-08 00:55:54,711 WARNING engine.live LANE ES SILENT for 3022s (last event 3022s ago)
2026-08-08 00:55:54,712 WARNING engine.live LANE NQ SILENT for 3022s (last event 3022s ago)
2026-08-08 00:56:09,721 WARNING engine.live LANE ES SILENT for 3037s (last event 3037s ago)
2026-08-08 00:56:09,721 WARNING engine.live LANE NQ SILENT for 3037s (last event 3037s ago)
2026-08-08 00:56:24,743 WARNING engine.live LANE ES SILENT for 3052s (last event 3052s ago)
2026-08-08 00:56:24,743 WARNING engine.live LANE NQ SILENT for 3052s (last event 3052s ago)
2026-08-08 00:56:39,762 WARNING engine.live LANE ES SILENT for 3067s (last event 3067s ago)
2026-08-08 00:56:39,763 WARNING engine.live LANE NQ SILENT for 3067s (last event 3067s ago)
2026-08-08 00:56:54,777 WARNING engine.live LANE ES SILENT for 3082s (last event 3082s ago)
2026-08-08 00:56:54,777 WARNING engine.live LANE NQ SILENT for 3082s (last event 3082s ago)
2026-08-08 00:57:09,775 WARNING engine.live LANE ES SILENT for 3097s (last event 3097s ago)
2026-08-08 00:57:09,776 WARNING engine.live LANE NQ SILENT for 3097s (last event 3097s ago)
2026-08-08 00:57:24,780 WARNING engine.live LANE ES SILENT for 3112s (last event 3112s ago)
2026-08-08 00:57:24,780 WARNING engine.live LANE NQ SILENT for 3112s (last event 3112s ago)
2026-08-08 00:57:39,795 WARNING engine.live LANE ES SILENT for 3127s (last event 3127s ago)
2026-08-08 00:57:39,796 WARNING engine.live LANE NQ SILENT for 3127s (last event 3127s ago)
2026-08-08 00:57:54,804 WARNING engine.live LANE ES SILENT for 3142s (last event 3142s ago)
2026-08-08 00:57:54,806 WARNING engine.live LANE NQ SILENT for 3142s (last event 3142s ago)
2026-08-08 00:58:09,890 WARNING engine.live LANE ES SILENT for 3157s (last event 3157s ago)
2026-08-08 00:58:09,989 WARNING engine.live LANE NQ SILENT for 3157s (last event 3157s ago)
2026-08-08 00:58:13,141 INFO engine.rawcapture raw capture stopped [ES]: written=8136237 dropped=0
2026-08-08 00:58:13,232 INFO engine.rawcapture raw capture stopped [NQ]: written=20440963 dropped=0
